mysqlÔ´Âë°²×°´íÎó
[root@test mysql-5.1.72]# mysql -uroot -p
Enter password: 
ERROR 1045 (28000): Access denied for user 'root'@'localhost' (using password: NO)
You have mail in /var/spool/mail/root
[root@test mysql-5.1.72]# mysql -uroot -p
Enter password: 
ERROR 1045 (28000): Access denied for user 'root'@'localhost' (using password: YES)
[root@test mysql-5.1.72]# mysql -uroot 
ERROR 1045 (28000): Access denied for user 'root'@'localhost' (using password: NO)
[root@test mysql-5.1.72]# mysql
ERROR 1045 (28000): Access denied for user 'root'@'localhost' (using password: NO)
[root@test mysql-5.1.72]# mysqladmin -u root password "123456"
mysqladmin: connect to server at 'localhost' failed
error: 'Access denied for user 'root'@'localhost' (using password: NO)'
[root@test mysql-5.1.72]# vim /etc/my.cnf 
[root@test mysql-5.1.72]# mysqladmin -uroot password "123456"
mysqladmin: connect to server at 'localhost' failed
error: 'Access denied for user 'root'@'localhost' (using password: NO)'
[root@test mysql-5.1.72]# mysql
ERROR 1045 (28000): Access denied for user 'root'@'localhost' (using password: NO)
You have mail in /var/spool/mail/root
[root@test mysql-5.1.72]# echo $PATH
/usr/local/sbin:/usr/local/bin:/sbin:/bin:/usr/sbin:/usr/bin:/usr/local/sersync/bin:/root/bin:/usr/local/mysql/bin
[root@test mysql-5.1.72]# mysqladmin -uroot -p
mysqladmin  Ver 8.42 Distrib 5.1.72, for unknown-linux-gnu on x86_64
Copyright (c) 2000, 2013, Oracle and/or its affiliates. All rights reserved.

Oracle is a registered trademark of Oracle Corporation and/or its
affiliates. Other names may be trademarks of their respective
owners.

Administration program for the mysqld daemon.
Usage: mysqladmin [OPTIONS] command command....
  -c, --count=#       Number of iterations to make. This works with -i
                      (--sleep) only.
  --debug-check       Check memory and open file usage at exit.
  --debug-info        Print some debug info at exit.
  -f, --force         Don't ask for confirmation on drop database; with
                      multiple commands, continue even if an error occurs.
  -C, --compress      Use compression in server/client protocol.
  --character-sets-dir=name 
                      Directory for character set files.
  --default-character-set=name 
                      Set the default character set.
  -?, --help          Display this help and exit.
  -h, --host=name     Connect to host.
  -b, --no-beep       Turn off beep on error.
  -p, --password[=name] 
                      Password to use when connecting to server. If password is
                      not given it's asked from the tty.
  -P, --port=#        Port number to use for connection or 0 for default to, in
                      order of preference, my.cnf, $MYSQL_TCP_PORT,
                      /etc/services, built-in default (3306).
  --protocol=name     The protocol to use for connection (tcp, socket, pipe,
                      memory).
  -r, --relative      Show difference between current and previous values when
                      used with -i. Currently only works with extended-status.
  -O, --set-variable=name 
                      Change the value of a variable. Please note that this
                      option is deprecated; you can set variables directly with
                      --variable-name=value.
  -s, --silent        Silently exit if one can't connect to server.
  -S, --socket=name   The socket file to use for connection.
  -i, --sleep=#       Execute commands repeatedly with a sleep between.
  --ssl               Enable SSL for connection (automatically enabled with
                      other flags).Disable with --skip-ssl.
  --ssl-ca=name       CA file in PEM format (check OpenSSL docs, implies
                      --ssl).
  --ssl-capath=name   CA directory (check OpenSSL docs, implies --ssl).
  --ssl-cert=name     X509 cert in PEM format (implies --ssl).
  --ssl-cipher=name   SSL cipher to use (implies --ssl).
  --ssl-key=name      X509 key in PEM format (implies --ssl).
  --ssl-verify-server-cert 
                      Verify server's "Common Name" in its cert against
                      hostname used when connecting. This option is disabled by
                      default.
  -u, --user=name     User for login if not current user.
  -v, --verbose       Write more information.
  -V, --version       Output version information and exit.
  -E, --vertical      Print output vertically. Is similar to --relative, but
                      prints output vertically.
  -w, --wait[=#]      Wait and retry if connection is down.
  --connect_timeout=# 
  --shutdown_timeout=# 

Variables (--variable-name=value)
and boolean options {FALSE|TRUE}  Value (after reading options)
--------------------------------- -----------------------------
count                             0
debug-check                       FALSE
debug-info                        FALSE
force                             FALSE
compress                          FALSE
character-sets-dir                (No default value)
default-character-set             (No default value)
host                              (No default value)
no-beep                           FALSE
port                              3306
relative                          FALSE
socket                            /usr/local/mysql/tmp/mysql.sock
sleep                             0
ssl                               FALSE
ssl-ca                            (No default value)
ssl-capath                        (No default value)
ssl-cert                          (No default value)
ssl-cipher                        (No default value)
ssl-key                           (No default value)
ssl-verify-server-cert            FALSE
user                              root
verbose                           FALSE
vertical                          FALSE
connect_timeout                   43200
shutdown_timeout                  3600

Default options are read from the following files in the given order:
/etc/my.cnf /etc/mysql/my.cnf /usr/local/mysql/etc/my.cnf ~/.my.cnf 
The following groups are read: mysqladmin client
The following options may be given as the first argument:
--print-defaults        Print the program argument list and exit.
--no-defaults           Don't read default options from any option file.
--defaults-file=#       Only read default options from the given file #.
--defaults-extra-file=# Read this file after the global files are read.

Where command is a one or more of: (Commands may be shortened)
  create databasename	Create a new database
  debug			Instruct server to write debug information to log
  drop databasename	Delete a database and all its tables
  extended-status       Gives an extended status message from the server
  flush-hosts           Flush all cached hosts
  flush-logs            Flush all logs
  flush-status		Clear status variables
  flush-tables          Flush all tables
  flush-threads         Flush the thread cache
  flush-privileges      Reload grant tables (same as reload)
  kill id,id,...	Kill mysql threads
  password new-password Change old password to new-password, MySQL 4.1 hashing.
  old-password new-password Change old password to new-password in old format.

  ping			Check if mysqld is alive
  processlist		Show list of active threads in server
  reload		Reload grant tables
  refresh		Flush all tables and close and open logfiles
  shutdown		Take server down
  status		Gives a short status message from the server
  start-slave		Start slave
  stop-slave		Stop slave
  variables             Prints variables available
  version		Get version info from server
[root@test mysql-5.1.72]# 
[root@test mysql-5.1.72]# mysqladmin -uroot -p
mysqladmin  Ver 8.42 Distrib 5.1.72, for unknown-linux-gnu on x86_64
Copyright (c) 2000, 2013, Oracle and/or its affiliates. All rights reserved.

Oracle is a registered trademark of Oracle Corporation and/or its
affiliates. Other names may be trademarks of their respective
owners.

Administration program for the mysqld daemon.
Usage: mysqladmin [OPTIONS] command command....
  -c, --count=#       Number of iterations to make. This works with -i
                      (--sleep) only.
  --debug-check       Check memory and open file usage at exit.
  --debug-info        Print some debug info at exit.
  -f, --force         Don't ask for confirmation on drop database; with
                      multiple commands, continue even if an error occurs.
  -C, --compress      Use compression in server/client protocol.
  --character-sets-dir=name 
                      Directory for character set files.
  --default-character-set=name 
                      Set the default character set.
  -?, --help          Display this help and exit.
  -h, --host=name     Connect to host.
  -b, --no-beep       Turn off beep on error.
  -p, --password[=name] 
                      Password to use when connecting to server. If password is
                      not given it's asked from the tty.
  -P, --port=#        Port number to use for connection or 0 for default to, in
                      order of preference, my.cnf, $MYSQL_TCP_PORT,
                      /etc/services, built-in default (3306).
  --protocol=name     The protocol to use for connection (tcp, socket, pipe,
                      memory).
  -r, --relative      Show difference between current and previous values when
                      used with -i. Currently only works with extended-status.
  -O, --set-variable=name 
                      Change the value of a variable. Please note that this
                      option is deprecated; you can set variables directly with
                      --variable-name=value.
  -s, --silent        Silently exit if one can't connect to server.
  -S, --socket=name   The socket file to use for connection.
  -i, --sleep=#       Execute commands repeatedly with a sleep between.
  --ssl               Enable SSL for connection (automatically enabled with
                      other flags).Disable with --skip-ssl.
  --ssl-ca=name       CA file in PEM format (check OpenSSL docs, implies
                      --ssl).
  --ssl-capath=name   CA directory (check OpenSSL docs, implies --ssl).
  --ssl-cert=name     X509 cert in PEM format (implies --ssl).
  --ssl-cipher=name   SSL cipher to use (implies --ssl).
  --ssl-key=name      X509 key in PEM format (implies --ssl).
  --ssl-verify-server-cert 
                      Verify server's "Common Name" in its cert against
                      hostname used when connecting. This option is disabled by
                      default.
  -u, --user=name     User for login if not current user.
  -v, --verbose       Write more information.
  -V, --version       Output version information and exit.
  -E, --vertical      Print output vertically. Is similar to --relative, but
                      prints output vertically.
  -w, --wait[=#]      Wait and retry if connection is down.
  --connect_timeout=# 
  --shutdown_timeout=# 

Variables (--variable-name=value)
and boolean options {FALSE|TRUE}  Value (after reading options)
--------------------------------- -----------------------------
count                             0
debug-check                       FALSE
debug-info                        FALSE
force                             FALSE
compress                          FALSE
character-sets-dir                (No default value)
default-character-set             (No default value)
host                              (No default value)
no-beep                           FALSE
port                              3306
relative                          FALSE
socket                            /usr/local/mysql/tmp/mysql.sock
sleep                             0
ssl                               FALSE
ssl-ca                            (No default value)
ssl-capath                        (No default value)
ssl-cert                          (No default value)
ssl-cipher                        (No default value)
ssl-key                           (No default value)
ssl-verify-server-cert            FALSE
user                              root
verbose                           FALSE
vertical                          FALSE
connect_timeout                   43200
shutdown_timeout                  3600

Default options are read from the following files in the given order:
/etc/my.cnf /etc/mysql/my.cnf /usr/local/mysql/etc/my.cnf ~/.my.cnf 
The following groups are read: mysqladmin client
The following options may be given as the first argument:
--print-defaults        Print the program argument list and exit.
--no-defaults           Don't read default options from any option file.
--defaults-file=#       Only read default options from the given file #.
--defaults-extra-file=# Read this file after the global files are read.

Where command is a one or more of: (Commands may be shortened)
  create databasename	Create a new database
  debug			Instruct server to write debug information to log
  drop databasename	Delete a database and all its tables
  extended-status       Gives an extended status message from the server
  flush-hosts           Flush all cached hosts
  flush-logs            Flush all logs
  flush-status		Clear status variables
  flush-tables          Flush all tables
  flush-threads         Flush the thread cache
  flush-privileges      Reload grant tables (same as reload)
  kill id,id,...	Kill mysql threads
  password new-password Change old password to new-password, MySQL 4.1 hashing.
  old-password new-password Change old password to new-password in old format.

  ping			Check if mysqld is alive
  processlist		Show list of active threads in server
  reload		Reload grant tables
  refresh		Flush all tables and close and open logfiles
  shutdown		Take server down
  status		Gives a short status message from the server
  start-slave		Start slave
  stop-slave		Stop slave
  variables             Prints variables available
  version		Get version info from server
[root@test mysql-5.1.72]# mysql -uroot -p
Enter password: 
ERROR 1045 (28000): Access denied for user 'root'@'localhost' (using password: YES)
[root@test mysql-5.1.72]# vim /etc/my.cnf 
[root@test mysql-5.1.72]# /usr/bin/mysqladmin -u root password "123456"
-bash: /usr/bin/mysqladmin: No such file or directory
You have mail in /var/spool/mail/root
[root@test mysql-5.1.72]# /usr/local/bin/mysqladmin -u root password "123456"
-bash: /usr/local/bin/mysqladmin: No such file or directory
[root@test mysql-5.1.72]# mysqladmin -u root password "123456"
mysqladmin: connect to server at 'localhost' failed
error: 'Access denied for user 'root'@'localhost' (using password: NO)'
[root@test mysql-5.1.72]# mysqladmin -u root password
mysqladmin: connect to server at 'localhost' failed
error: 'Access denied for user 'root'@'localhost' (using password: NO)'
You have mail in /var/spool/mail/root
[root@test mysql-5.1.72]# mysql -u root
ERROR 1045 (28000): Access denied for user 'root'@'localhost' (using password: NO)
[root@test mysql-5.1.72]# mysql -u root -p
Enter password: 
ERROR 1045 (28000): Access denied for user 'root'@'localhost' (using password: YES)
[root@test mysql-5.1.72]# mysql -u root -p
Enter password: 
ERROR 1045 (28000): Access denied for user 'root'@'localhost' (using password: NO)
[root@test mysql-5.1.72]#  mysqladmin -u root password 'root'¡¡
mysqladmin: connect to server at 'localhost' failed
error: 'Access denied for user 'root'@'localhost' (using password: NO)'
[root@test mysql-5.1.72]# hostname localhost
[root@test mysql-5.1.72]#  mysqladmin -u root password 'root'¡¡
mysqladmin: connect to server at 'localhost' failed
error: 'Access denied for user 'root'@'localhost' (using password: NO)'
[root@test mysql-5.1.72]# mysqladmin -u root password 123456
mysqladmin: connect to server at 'localhost' failed
error: 'Access denied for user 'root'@'localhost' (using password: NO)'
You have mail in /var/spool/mail/root
[root@test mysql-5.1.72]# /etc/init.d/mysqld restart
 ERROR! MySQL manager or server PID file could not be found!
Starting MySQL.................................................................................................... ERROR! Manager of pid-file quit without updating file.
[root@test mysql-5.1.72]# cd /usr/local/mysql/
[root@test mysql]# ll
total 40
drwxr-xr-x  2 mysql mysql 4096 Apr 15 02:12 bin
drwxr-xr-x  4 mysql mysql 4096 Apr 15 05:54 data
drwxr-xr-x  2 mysql mysql 4096 Apr 14 08:24 docs
drwxr-xr-x  3 mysql mysql 4096 Apr 14 07:54 include
drwxr-xr-x  3 mysql mysql 4096 Apr 14 07:54 lib
drwxr-xr-x  2 mysql mysql 4096 Apr 14 08:42 libexec
drwxr-xr-x 10 mysql mysql 4096 Apr 14 08:42 mysql-test
drwxr-xr-x  5 mysql mysql 4096 Apr 14 08:42 share
drwxr-xr-x  5 mysql mysql 4096 Apr 14 08:42 sql-bench
drwxr-xr-x  2 mysql root  4096 Apr 15 05:52 tmp
[root@test mysql]# cd data/
[root@test data]# ll
total 22880
-rw-rw---- 1 mysql mysql 10485760 Apr 15 02:27 ibdata1
-rw-rw---- 1 mysql mysql  5242880 Apr 15 02:27 ib_logfile0
-rw-rw---- 1 mysql mysql  5242880 Apr 15 02:10 ib_logfile1
-rw-r----- 1 mysql root     17851 Apr 15 05:54 localhost.err
drwx------ 2 mysql root      4096 Apr 15 01:59 mysql
-rw-rw---- 1 mysql mysql    17438 Apr 15 01:43 mysql-bin.000001
-rw-rw---- 1 mysql mysql    17438 Apr 15 01:59 mysql-bin.000002
-rw-rw---- 1 mysql mysql    19740 Apr 15 02:00 mysql-bin.000003
-rw-rw---- 1 mysql mysql   765132 Apr 15 02:00 mysql-bin.000004
-rw-rw---- 1 mysql mysql    19740 Apr 15 02:06 mysql-bin.000005
-rw-rw---- 1 mysql mysql   765132 Apr 15 02:06 mysql-bin.000006
-rw-rw---- 1 mysql mysql    19740 Apr 15 02:06 mysql-bin.000007
-rw-rw---- 1 mysql mysql   765132 Apr 15 02:06 mysql-bin.000008
-rw-rw---- 1 mysql mysql      125 Apr 15 02:17 mysql-bin.000009
-rw-rw---- 1 mysql mysql      125 Apr 15 02:27 mysql-bin.000010
-rw-rw---- 1 mysql mysql      106 Apr 15 02:27 mysql-bin.000011
-rw-rw---- 1 mysql mysql      125 Apr 15 05:54 mysql-bin.000012
-rw-rw---- 1 mysql mysql      228 Apr 15 05:54 mysql-bin.index
drwx------ 2 mysql root      4096 Apr 15 01:43 test
-rw-r----- 1 mysql root      3674 Apr 15 02:27 test.err
-rw-rw---- 1 mysql mysql        5 Apr 15 02:27 test.pid
[root@test data]# cd ..
You have mail in /var/spool/mail/root
[root@test mysql]# ll
total 40
drwxr-xr-x  2 mysql mysql 4096 Apr 15 02:12 bin
drwxr-xr-x  4 mysql mysql 4096 Apr 15 05:54 data
drwxr-xr-x  2 mysql mysql 4096 Apr 14 08:24 docs
drwxr-xr-x  3 mysql mysql 4096 Apr 14 07:54 include
drwxr-xr-x  3 mysql mysql 4096 Apr 14 07:54 lib
drwxr-xr-x  2 mysql mysql 4096 Apr 14 08:42 libexec
drwxr-xr-x 10 mysql mysql 4096 Apr 14 08:42 mysql-test
drwxr-xr-x  5 mysql mysql 4096 Apr 14 08:42 share
drwxr-xr-x  5 mysql mysql 4096 Apr 14 08:42 sql-bench
drwxr-xr-x  2 mysql root  4096 Apr 15 05:52 tmp
[root@test mysql]# hostname
localhost
[root@test mysql]# hostname test
[root@test mysql]# /etc/init.d/mysqld restart
Shutting down MySQL...... SUCCESS! 
Starting MySQL.. SUCCESS! 
[root@test mysql]# netstat -lnt|grep 3306
tcp        0      0 0.0.0.0:3306                0.0.0.0:*                   LISTEN      
[root@test mysql]# ps -fe|grep mysql
root     30877     1  0 05:56 pts/0    00:00:00 /bin/sh /usr/local/mysql/bin/mysqld_safe --datadir=/usr/local/mysql/data --pid-file=/usr/local/mysql/data/test.pid
mysql    30993 30877  5 05:56 pts/0    00:00:01 /usr/local/mysql/libexec/mysqld --basedir=/usr/local/mysql --datadir=/usr/local/mysql/data --user=mysql --log-error=/usr/local/mysql/data/test.err --pid-file=/usr/local/mysql/data/test.pid --socket=/usr/local/mysql/tmp/mysql.sock --port=3306
root     31011  1350  0 05:57 pts/0    00:00:00 grep mysql
[root@test mysql]# mysqladmin -u root password 123456
mysqladmin: connect to server at 'localhost' failed
error: 'Access denied for user 'root'@'localhost' (using password: NO)'

>[root@test ~]# mysql
>ERROR 1045 (28000): Access denied for user 'root'@'localhost' (using password: NO)
>[root@test ~]# mysql -uroot
>ERROR 1045 (28000): Access denied for user 'root'@'localhost' (using password: NO)
>[root@test ~]# mysql -u root@test -p
>Enter password: 
>ERROR 1045 (28000): Access denied for user 'root@test'@'localhost' (using password: YES)
>You have mail in /var/spool/mail/root
>[root@test ~]# mysqladmin -u root password "123456"
>mysqladmin: connect to server at 'localhost' failed
>error: 'Access denied for user 'root'@'localhost' (using password: NO)'
>[root@test ~]# 


[root@test ~]# mysqladmin -u root password 123456
mysqladmin: connect to server at 'localhost' failed
error: 'Access denied for user 'root'@'localhost' (using password: NO)'
You have mail in /var/spool/mail/root
[root@test ~]# mysql -u root -p
Enter password: 
ERROR 1045 (28000): Access denied for user 'root'@'localhost' (using password: NO)
[root@test ~]# /etc/init.d/mysqld stop
Shutting down MySQL...140415 08:03:12 mysqld_safe mysqld from pid file /usr/local/mysql/data/test.pid ended
 SUCCESS! 
[1]+  Done                    mysqld_safe --skip-grant-tables
[root@test ~]# ps -ef|grep mysql
root      1885  1501  0 08:03 pts/0    00:00:00 grep mysql
[root@test ~]#  mysqld_safe --skip-grant-tables &
[1] 1886
[root@test ~]# 140415 08:03:28 mysqld_safe Logging to '/usr/local/mysql/data/test.err'.
140415 08:03:28 mysqld_safe Starting mysqld daemon with databases from /usr/local/mysql/data

[root@test ~]# mysql -u root -p
Enter password: 
Welcome to the MySQL monitor.  Commands end with ; or \g.
Your MySQL connection id is 1
Server version: 5.1.72-log Source distribution

Copyright (c) 2000, 2013, Oracle and/or its affiliates. All rights reserved.

Oracle is a registered trademark of Oracle Corporation and/or its
affiliates. Other names may be trademarks of their respective
owners.

Type 'help;' or '\h' for help. Type '\c' to clear the current input statement.

mysql> use mysql
Database changed
mysql>  update mysql.user set authentication_string=password("123456") where user='root' and host='localhost';
ERROR 1054 (42S22): Unknown column 'authentication_string' in 'field list'
mysql>  update mysql.user set authentication_string=password("123456") where user='rootERROR 1054 (42S22): Unknown column 'authentication_string' in 'field list'
mysql>  update mysql.user set authentication_string=password("123456") where user='root
ERROR 1054 (42S22): Unknown column 'authentication_string' in 'field list'
mysql>  update mysql.user set password=password("123456") where user='root' and host='localhost';
Query OK, 0 rows affected (0.00 sec)
Rows matched: 0  Changed: 0  Warnings: 0

mysql> flush privileges;
Query OK, 0 rows affected (0.00 sec)

mysql> show tables;
+---------------------------+
| Tables_in_mysql           |
+---------------------------+
| columns_priv              |
| db                        |
| event                     |
| func                      |
| general_log               |
| help_category             |
| help_keyword              |
| help_relation             |
| help_topic                |
| host                      |
| ndb_binlog_index          |
| plugin                    |
| proc                      |
| procs_priv                |
| servers                   |
| slow_log                  |
| tables_priv               |
| time_zone                 |
| time_zone_leap_second     |
| time_zone_name            |
| time_zone_transition      |
| time_zone_transition_type |
| user                      |
+---------------------------+
23 rows in set (0.00 sec)

mysql> quit
Bye
You have mail in /var/spool/mail/root
[root@test ~]# mysql
mysql                       mysqld_safe                 mysql_setpermission
mysqlaccess                 mysqldump                   mysqlshow
mysqladmin                  mysqldumpslow               mysqlslap
mysqlbinlog                 mysql_find_rows             mysqltest
mysqlbug                    mysql_fix_extensions        mysqltest_embedded
mysqlcheck                  mysql_fix_privilege_tables  mysql_tzinfo_to_sql
mysql_client_test           mysqlhotcopy                mysql_upgrade
mysql_client_test_embedded  mysqlimport                 mysql_waitpid
mysql_config                mysql_install_db            mysql_zap
mysql_convert_table_format  mysql_secure_installation   
mysqld_multi                mysql.server                
[root@test ~]# mysql restart
ERROR 1045 (28000): Access denied for user 'root'@'localhost' (using password: NO)
[root@test ~]# /etc/init.d/mysqld restart
Shutting down MySQL..140415 08:20:56 mysqld_safe mysqld from pid file /usr/local/mysql/data/test.pid ended
 SUCCESS! 
Starting MySQL. SUCCESS! 
[1]+  Done                    mysqld_safe --skip-grant-tables
[root@test ~]# mysql -uroot -p
Enter password: 
ERROR 1045 (28000): Access denied for user 'root'@'localhost' (using password: YES)
[root@test ~]# ps -ef |grep mysql
root      2092     1  0 08:20 pts/0    00:00:00 /bin/sh /usr/local/mysql/bin/mysqld_safe --datadir=/usr/local/mysql/data --pid-file=/usr/local/mysql/data/test.pid
mysql     2208  2092  0 08:20 pts/0    00:00:00 /usr/local/mysql/libexec/mysqld --basedir=/usr/local/mysql --datadir=/usr/local/mysql/data --user=mysql --log-error=/usr/local/mysql/data/test.err --pid-file=/usr/local/mysql/data/test.pid --socket=/usr/local/mysql/tmp/mysql.sock --port=3306
root      2224  1501  0 08:21 pts/0    00:00:00 grep mysql
[root@test ~]# /etc/init.d/mysqld stop
Shutting down MySQL... SUCCESS! 
[root@test ~]# ps -ef |grep mysql
root      2246  1501  0 08:22 pts/0    00:00:00 grep mysql
[root@test ~]# /etc/init.d/mysqld start
Starting MySQL. SUCCESS! 
[root@test ~]# mysql -uroot -p
Enter password: 
ERROR 1045 (28000): Access denied for user 'root'@'localhost' (using password: YES)
[root@test ~]# 

[root@test ~]# /etc/init.d/mysqld stop
Shutting down MySQL. SUCCESS! 
[root@test ~]# ps -ef|grep mysql
root      2407  1843  0 02:09 pts/2    00:00:00 grep mysql
[root@test ~]# mysqld_safe --skip-grant-tables &
[1] 2419
You have mail in /var/spool/mail/root
[root@test ~]# 140416 02:10:49 mysqld_safe Logging to '/usr/local/mysql/data/test.err'.
140416 02:10:49 mysqld_safe Starting mysqld daemon with databases from /usr/local/mysql/data

[root@test ~]# mysql
Welcome to the MySQL monitor.  Commands end with ; or \g.
Your MySQL connection id is 1
Server version: 5.1.72-log Source distribution

Copyright (c) 2000, 2013, Oracle and/or its affiliates. All rights reserved.

Oracle is a registered trademark of Oracle Corporation and/or its
affiliates. Other names may be trademarks of their respective
owners.

Type 'help;' or '\h' for help. Type '\c' to clear the current input statement.

mysql> mysqladmin -uroot password "123456"
    -> ;
ERROR 1064 (42000): You have an error in your SQL syntax; check the manual that corresponds to your MySQL server version for the right syntax to use near 'mysqladmin -uroot password "123456"' at line 1
mysql> mysqladmin -uroot password "123456";
ERROR 1064 (42000): You have an error in your SQL syntax; check the manual that corresponds to your MySQL server version for the right syntax to use near 'mysqladmin -uroot password "123456"' at line 1
mysql> select user, host from mysql.user
    -> ;
Empty set (0.00 sec)

mysql> select user, host from mysql.user;
Empty set (0.00 sec)

mysql> show databases;
+--------------------+
| Database           |
+--------------------+
| information_schema |
| mysql              |
| test               |
+--------------------+
3 rows in set (0.04 sec)

mysql> select user();
+--------+
| user() |
+--------+
| root@  |
+--------+
1 row in set (0.00 sec)

[root@test ~]# mysqld_safe --skip-grant-tables &
[1] 26024
[root@test ~]# 140416 07:28:31 mysqld_safe Logging to '/usr/local/mysql/data/test.err'.
140416 07:28:31 mysqld_safe Starting mysqld daemon with databases from /usr/local/mysql/data

[root@test ~]# mysql
Welcome to the MySQL monitor.  Commands end with ; or \g.
Your MySQL connection id is 1
Server version: 5.1.72 Source distribution

Copyright (c) 2000, 2013, Oracle and/or its affiliates. All rights reserved.

Oracle is a registered trademark of Oracle Corporation and/or its
affiliates. Other names may be trademarks of their respective
owners.

Type 'help;' or '\h' for help. Type '\c' to clear the current input statement.

mysql> show databases;
+--------------------+
| Database           |
+--------------------+
| information_schema |
| mysql              |
| test               |
+--------------------+
3 rows in set (0.00 sec)

mysql> use mysql
Database changed
mysql> select host, user, password from user;
Empty set (0.00 sec)

mysql> show tables;
+---------------------------+
| Tables_in_mysql           |
+---------------------------+
| columns_priv              |
| db                        |
| event                     |
| func                      |
| general_log               |
| help_category             |
| help_keyword              |
| help_relation             |
| help_topic                |
| host                      |
| ndb_binlog_index          |
| plugin                    |
| proc                      |
| procs_priv                |
| servers                   |
| slow_log                  |
| tables_priv               |
| time_zone                 |
| time_zone_leap_second     |
| time_zone_name            |
| time_zone_transition      |
| time_zone_transition_type |
| user                      |
+---------------------------+
23 rows in set (0.04 sec)

mysql> show user;
ERROR 1064 (42000): You have an error in your SQL syntax; check the manual that corresponds to your MySQL server version for the right syntax to use near 'user' at line 1
mysql> show user();
ERROR 1064 (42000): You have an error in your SQL syntax; check the manual that corresponds to your MySQL server version for the right syntax to use near 'user()' at line 1
mysql> describe user;
+-----------------------+-----------------------------------+------+-----+---------+-------+
| Field                 | Type                              | Null | Key | Default | Extra |
+-----------------------+-----------------------------------+------+-----+---------+-------+
| Host                  | char(60)                          | NO   | PRI |         |       |
| User                  | char(16)                          | NO   | PRI |         |       |
| Password              | char(41)                          | NO   |     |         |       |
| Select_priv           | enum('N','Y')                     | NO   |     | N       |       |
| Insert_priv           | enum('N','Y')                     | NO   |     | N       |       |
| Update_priv           | enum('N','Y')                     | NO   |     | N       |       |
| Delete_priv           | enum('N','Y')                     | NO   |     | N       |       |
| Create_priv           | enum('N','Y')                     | NO   |     | N       |       |
| Drop_priv             | enum('N','Y')                     | NO   |     | N       |       |
| Reload_priv           | enum('N','Y')                     | NO   |     | N       |       |
| Shutdown_priv         | enum('N','Y')                     | NO   |     | N       |       |
| Process_priv          | enum('N','Y')                     | NO   |     | N       |       |
| File_priv             | enum('N','Y')                     | NO   |     | N       |       |
| Grant_priv            | enum('N','Y')                     | NO   |     | N       |       |
| References_priv       | enum('N','Y')                     | NO   |     | N       |       |
| Index_priv            | enum('N','Y')                     | NO   |     | N       |       |
| Alter_priv            | enum('N','Y')                     | NO   |     | N       |       |
| Show_db_priv          | enum('N','Y')                     | NO   |     | N       |       |
| Super_priv            | enum('N','Y')                     | NO   |     | N       |       |
| Create_tmp_table_priv | enum('N','Y')                     | NO   |     | N       |       |
| Lock_tables_priv      | enum('N','Y')                     | NO   |     | N       |       |
| Execute_priv          | enum('N','Y')                     | NO   |     | N       |       |
| Repl_slave_priv       | enum('N','Y')                     | NO   |     | N       |       |
| Repl_client_priv      | enum('N','Y')                     | NO   |     | N       |       |
| Create_view_priv      | enum('N','Y')                     | NO   |     | N       |       |
| Show_view_priv        | enum('N','Y')                     | NO   |     | N       |       |
| Create_routine_priv   | enum('N','Y')                     | NO   |     | N       |       |
| Alter_routine_priv    | enum('N','Y')                     | NO   |     | N       |       |
| Create_user_priv      | enum('N','Y')                     | NO   |     | N       |       |
| Event_priv            | enum('N','Y')                     | NO   |     | N       |       |
| Trigger_priv          | enum('N','Y')                     | NO   |     | N       |       |
| ssl_type              | enum('','ANY','X509','SPECIFIED') | NO   |     |         |       |
| ssl_cipher            | blob                              | NO   |     | NULL    |       |
| x509_issuer           | blob                              | NO   |     | NULL    |       |
| x509_subject          | blob                              | NO   |     | NULL    |       |
| max_questions         | int(11) unsigned                  | NO   |     | 0       |       |
| max_updates           | int(11) unsigned                  | NO   |     | 0       |       |
| max_connections       | int(11) unsigned                  | NO   |     | 0       |       |
| max_user_connections  | int(11) unsigned                  | NO   |     | 0       |       |
+-----------------------+-----------------------------------+------+-----+---------+-------+
39 rows in set (0.06 sec)

mysql> show user;
ERROR 1064 (42000): You have an error in your SQL syntax; check the manual that corresponds to your MySQL server version for the right syntax to use near 'user' at line 1
mysql> select * from user;
Empty set (0.04 sec)

mysql>
mysql> select user();
+--------+
| user() |
+--------+
| root@  |
+--------+
1 row in set (0.00 sec)

